seed 10000: 0.5:7296  0.6:7151  0.7:7250  0.8:7065  0.9:7035
seed 10001: 0.5:10753  0.6:10578  0.7:10576  0.8:10656  0.9:10224
seed 10002: 0.5:11628  0.6:11759  0.7:11843  0.8:11654  0.9:11199
seed 10003: 0.5:9515  0.6:9368  0.7:9517  0.8:9377  0.9:8561
seed 10004: 0.5:14052  0.6:14030  0.7:14158  0.8:13944  0.9:13187
seed 10005: 0.5:8667  0.6:8747  0.7:8906  0.8:8874  0.9:8986
seed 10006: 0.5:6524  0.6:6494  0.7:6549  0.8:6624  0.9:6376
seed 10007: 0.5:7122  0.6:7386  0.7:7342  0.8:7609  0.9:7656
seed 10008: 0.5:7532  0.6:7387  0.7:7472  0.8:7400  0.9:6988
seed 10009: 0.5:12114  0.6:12245  0.7:12238  0.8:12144  0.9:12002
seed 10010: 0.5:4175  0.6:4225  0.7:4203  0.8:4171  0.9:4289
seed 10011: 0.5:9194  0.6:9396  0.7:9396  0.8:9595  0.9:9608
seed 10012: 0.5:4991  0.6:4886  0.7:4900  0.8:4915  0.9:4965
seed 10013: 0.5:11655  0.6:11866  0.7:11811  0.8:11554  0.9:11137
seed 10014: 0.5:9957  0.6:10036  0.7:9774  0.8:9701  0.9:9734
seed 10015: 0.5:10617  0.6:10960  0.7:11017  0.8:10688  0.9:10461
seed 10016: 0.5:11363  0.6:11531  0.7:11539  0.8:11592  0.9:11302
seed 10017: 0.5:8263  0.6:8338  0.7:8399  0.8:8422  0.9:8358
seed 10018: 0.5:9199  0.6:9300  0.7:9328  0.8:9163  0.9:8459
seed 10019: 0.5:12067  0.6:12188  0.7:12125  0.8:12198  0.9:11316

=== SUS+CQI by threshold (genie world, 20-seed means) ===
thr 0.5: reward   9334.1  depth 3.970  retx 0.0286  miss 0.1159
thr 0.6: reward   9393.7  depth 3.962  retx 0.0242  miss 0.1179
thr 0.7: reward   9417.1  depth 3.939  retx 0.0176  miss 0.1230
thr 0.8: reward   9367.4  depth 3.867  retx 0.0110  miss 0.1300
thr 0.9: reward   9092.1  depth 3.502  retx 0.0036  miss 0.1452

strongest threshold: 0.7
saved -> /home/MYH/ML_DRL_Scheduler/Run4/_analysis/genie_sus_threshold_sweep.csv
