best.pt update 729 eval 10855.6
seed 10000 (n_active 24): PPO 8534 margin +227
seed 10001 (n_active 27): PPO 11370 margin +617
seed 10002 (n_active 30): PPO 12648 margin +1019
seed 10003 (n_active 27): PPO 10244 margin +730
seed 10004 (n_active 32): PPO 14366 margin +313
seed 10005 (n_active 19): PPO 9634 margin +196
seed 10006 (n_active 19): PPO 7502 margin -591
seed 10007 (n_active 17): PPO 8410 margin +159
seed 10008 (n_active 25): PPO 8348 margin +747
seed 10009 (n_active 30): PPO 13091 margin +977
seed 10010 (n_active 16): PPO 5211 margin -707
seed 10011 (n_active 22): PPO 10420 margin +910
seed 10012 (n_active 17): PPO 6475 margin -520
seed 10013 (n_active 29): PPO 12676 margin +1021
seed 10014 (n_active 27): PPO 11250 margin +1293
seed 10015 (n_active 28): PPO 11841 margin +1223
seed 10016 (n_active 25): PPO 12334 margin +971
seed 10017 (n_active 17): PPO 9027 margin +691
seed 10018 (n_active 28): PPO 9976 margin +777
seed 10019 (n_active 31): PPO 13092 margin +1025
showcase seed 10014 -> /home/MYH/ML_DRL_Scheduler/Run4/_analysis/GenieFineTune_metrics_seed10014.png

20-seed means:
PPO      rew   10322  thr   87.7  comp 0.881  miss 0.118  retx 0.0001  depth 2.50  jain 0.724
SUS+CQI  rew    9334  thr   81.4  comp 0.854  miss 0.116  retx 0.0286  depth 3.97  jain 0.732
SUS+DPF  rew    8280  thr   75.0  comp 0.825  miss 0.133  retx 0.0404  depth 3.97  jain 0.711
SUS+PF   rew    8236  thr   76.0  comp 0.819  miss 0.137  retx 0.0426  depth 3.97  jain 0.713
SUS+Rnd  rew    6907  thr   66.7  comp 0.786  miss 0.167  retx 0.0445  depth 3.98  jain 0.721
SU+CQI   rew    8595  thr   82.3  comp 0.816  miss 0.183  retx 0.0000  depth 1.00  jain 0.599
SU+DPF   rew    7282  thr   67.7  comp 0.820  miss 0.178  retx 0.0000  depth 1.00  jain 0.690
SU+PF    rew    6603  thr   70.2  comp 0.765  miss 0.233  retx 0.0000  depth 1.00  jain 0.681
SU+Rnd   rew    4002  thr   52.5  comp 0.680  miss 0.317  retx 0.0000  depth 1.00  jain 0.745
