world: queue beta_m, config threshold = 0.75
seed 10000: 0.5:2795  0.6:2791  0.7:2776  0.75:2739  0.8:2724  0.9:2688
seed 10001: 0.5:6368  0.6:6345  0.7:6315  0.75:6265  0.8:6148  0.9:5912
seed 10002: 0.5:6272  0.6:6305  0.7:6321  0.75:6322  0.8:6258  0.9:6122
seed 10003: 0.5:3608  0.6:3729  0.7:3728  0.75:3660  0.8:3556  0.9:3140
seed 10004: 0.5:6367  0.6:6512  0.7:6597  0.75:6650  0.8:6521  0.9:5814
seed 10005: 0.5:4009  0.6:4024  0.7:4022  0.75:4032  0.8:4068  0.9:4222
seed 10006: 0.5:2630  0.6:2634  0.7:2618  0.75:2630  0.8:2644  0.9:2781
seed 10007: 0.5:6279  0.6:6324  0.7:6288  0.75:6253  0.8:6239  0.9:6166
seed 10008: 0.5:2830  0.6:2837  0.7:2793  0.75:2739  0.8:2669  0.9:2567
seed 10009: 0.5:6998  0.6:7120  0.7:7271  0.75:7265  0.8:7185  0.9:6777
seed 10010: 0.5:919  0.6:923  0.7:872  0.75:799  0.8:754  0.9:814
seed 10011: 0.5:7309  0.6:7338  0.7:7351  0.75:7309  0.8:7268  0.9:7079
seed 10012: 0.5:2813  0.6:2809  0.7:2807  0.75:2804  0.8:2811  0.9:2824
seed 10013: 0.5:5147  0.6:5142  0.7:5123  0.75:5110  0.8:5128  0.9:5227
seed 10014: 0.5:5857  0.6:5845  0.7:5803  0.75:5700  0.8:5640  0.9:5264
seed 10015: 0.5:4703  0.6:4717  0.7:4670  0.75:4678  0.8:4672  0.9:4743
seed 10016: 0.5:7235  0.6:7276  0.7:7296  0.75:7312  0.8:7274  0.9:7040
seed 10017: 0.5:5183  0.6:5221  0.7:5253  0.75:5221  0.8:5228  0.9:5402
seed 10018: 0.5:3466  0.6:3522  0.7:3554  0.75:3555  0.8:3404  0.9:2646
seed 10019: 0.5:6045  0.6:6080  0.7:6115  0.75:6075  0.8:5994  0.9:5527

=== SUS+CQI by threshold (queue beta_m world, 20-seed means) ===
thr 0.5: reward   4841.6  depth 3.985  miss 0.3482
thr 0.6: reward   4874.8  depth 3.983  miss 0.3473
thr 0.7: reward   4878.6  depth 3.973  miss 0.3478
thr 0.75: reward   4856.0  depth 3.955  miss 0.3488
thr 0.8: reward   4809.2  depth 3.915  miss 0.3503
thr 0.9: reward   4637.8  depth 3.593  miss 0.3547

strongest threshold: 0.7
saved -> /home/MYH/ML_DRL_Scheduler/Run4/_analysis/queue_sus_threshold_sweep.csv
