===== [wrap] attempt 1 2026-08-31 02:15:14 :: --resume Run4/QueuePostRZF_S40HL_CQI4_NARROW/ckpt/latest.pt =====
2026-08-31 02:15:16.336517: I tensorflow/core/util/port.cc:113] oneDNN custom operations are on. You may see slightly different numerical results due to floating-point round-off errors from different computation orders. To turn them off, set the environment variable `TF_ENABLE_ONEDNN_OPTS=0`.
2026-08-31 02:15:16.394746: E external/local_xla/xla/stream_executor/cuda/cuda_dnn.cc:9261] Unable to register cuDNN factory: Attempting to register factory for plugin cuDNN when one has already been registered
2026-08-31 02:15:16.394788: E external/local_xla/xla/stream_executor/cuda/cuda_fft.cc:607] Unable to register cuFFT factory: Attempting to register factory for plugin cuFFT when one has already been registered
2026-08-31 02:15:16.396611: E external/local_xla/xla/stream_executor/cuda/cuda_blas.cc:1515] Unable to register cuBLAS factory: Attempting to register factory for plugin cuBLAS when one has already been registered
2026-08-31 02:15:16.405331: I tensorflow/core/platform/cpu_feature_guard.cc:182] This TensorFlow binary is optimized to use available CPU instructions in performance-critical operations.
To enable the following instructions: AVX2 AVX512F AVX512_VNNI FMA, in other operations, rebuild TensorFlow with the appropriate compiler flags.
2026-08-31 02:15:19.622326: I tensorflow/core/common_runtime/gpu/gpu_device.cc:1929] Created device /job:localhost/replica:0/task:0/device:GPU:0 with 22282 MB memory:  -> device: 0, name: NVIDIA GeForce RTX 4090, pci bus id: 0000:b1:00.0, compute capability: 8.9
2026-08-31 02:15:25.714571: I tensorflow/core/util/cuda_solvers.cc:179] Creating GpuSolver handles for stream 0x4b7b18f0
git: 6bfb3b5789ec  (clean py)
=== ML DRL Scheduler -- Config ===
  cell        : 1 BS (32 ant) x 32 UE (1 ant), DL
  resource    : 8 RBG x 4 layers = 32 positions
  RE per RBG  : 1344
  bandwidth   : RBG 2.88 MHz, total 23.04 MHz
  slot        : 0.500 ms
  channel     : TR38.901 UMI, UE speed 3.0 km/h
  codebook    : type2_sparse_56bit, L=4, atoms=512, payload=56 bit/(UE,RBG)
  feedback    : p_csi=0.6, cqi=nr4bit
  traffic     : p_arrival=0.22, size U[4000,12000] bits, deadline U[3,12] slots
  power/noise : P_total=8.0, P_r=1.0, target SNR 10.0 dB (calibration)
  retx        : max_retx=4 (5 attempts total)
  reward      : lambda_s/c/m=1.0/1.0/2.0, eta_D=1.0, B_norm=8000.0
  episode     : 1000 slots

run_dir: /home/MYH/ML_DRL_Scheduler/Run4/QueuePostRZF_S40HL_CQI4_NARROW
num_updates: 866
device: cuda
actor-critic params: 98,755

resumed Run4/QueuePostRZF_S40HL_CQI4_NARROW/ckpt/latest.pt: start_update=586, best_eval_reward=5577.57
    [kl-stop] update 587: minibatch KL 0.0303 > 0.0300 (epoch 2/4) -- actor frozen, value-only for remaining passes
    [kl-stop] update 588: minibatch KL 0.0486 > 0.0300 (epoch 2/4) -- actor frozen, value-only for remaining passes
  --- eval at update 589 ---
    PPO           reward  5588.16  thrpt  77.95Mbps  comp 0.664  totfail 0.333  depth 3.21
  >>> new best eval reward 5588.16, saved best.pt
    [kl-stop] update 590: minibatch KL 0.0318 > 0.0300 (epoch 4/4) -- actor frozen, value-only for remaining passes
[ 590/866] rew= 6625.4  thr=81.04Mbps  comp=0.702  drop=0.000  SINR=  9.8dB  KL= 0.0200  ent=1.279  clip=0.266  ev=+0.22  t=433s
    [kl-stop] update 591: minibatch KL 0.0424 > 0.0300 (epoch 2/4) -- actor frozen, value-only for remaining passes
    [kl-stop] update 592: minibatch KL 0.0368 > 0.0300 (epoch 1/4) -- actor frozen, value-only for remaining passes
    [kl-stop] update 593: minibatch KL 0.0307 > 0.0300 (epoch 1/4) -- actor frozen, value-only for remaining passes
    [kl-stop] update 595: minibatch KL 0.0349 > 0.0300 (epoch 3/4) -- actor frozen, value-only for remaining passes
[ 595/866] rew= 6692.6  thr=81.30Mbps  comp=0.704  drop=0.000  SINR= 10.6dB  KL= 0.0222  ent=1.218  clip=0.281  ev=+0.27  t=705s
    [kl-stop] update 596: minibatch KL 0.0474 > 0.0300 (epoch 1/4) -- actor frozen, value-only for remaining passes
    [kl-stop] update 597: minibatch KL 0.0348 > 0.0300 (epoch 1/4) -- actor frozen, value-only for remaining passes
    [kl-stop] update 599: minibatch KL 0.0404 > 0.0300 (epoch 4/4) -- actor frozen, value-only for remaining passes
  --- eval at update 599 ---
    PPO           reward  5585.57  thrpt  77.91Mbps  comp 0.664  totfail 0.333  depth 3.09
    [batch-verify] update 600: 4 slots, max scaled |diff| 7.63e-06 OK
    [kl-stop] update 600: minibatch KL 0.0372 > 0.0300 (epoch 2/4) -- actor frozen, value-only for remaining passes
[ 600/866] rew= 4249.6  thr=73.51Mbps  comp=0.615  drop=0.000  SINR= 11.5dB  KL= 0.0302  ent=1.170  clip=0.344  ev=+0.27  t=1098s
    [kl-stop] update 601: minibatch KL 0.0316 > 0.0300 (epoch 3/4) -- actor frozen, value-only for remaining passes
    [kl-stop] update 602: minibatch KL 0.0347 > 0.0300 (epoch 4/4) -- actor frozen, value-only for remaining passes
    [kl-stop] update 603: minibatch KL 0.0333 > 0.0300 (epoch 4/4) -- actor frozen, value-only for remaining passes
    [kl-stop] update 604: minibatch KL 0.0334 > 0.0300 (epoch 1/4) -- actor frozen, value-only for remaining passes
    [kl-stop] update 605: minibatch KL 0.0492 > 0.0300 (epoch 2/4) -- actor frozen, value-only for remaining passes
[ 605/866] rew= 7513.6  thr=85.52Mbps  comp=0.729  drop=0.000  SINR= 13.2dB  KL= 0.0285  ent=1.066  clip=0.277  ev=+0.12  t=1363s
    [kl-stop] update 606: minibatch KL 0.0465 > 0.0300 (epoch 1/4) -- actor frozen, value-only for remaining passes
    [kl-stop] update 607: minibatch KL 0.0600 > 0.0300 (epoch 3/4) -- actor frozen, value-only for remaining passes
    [kl-stop] update 608: minibatch KL 0.0307 > 0.0300 (epoch 1/4) -- actor frozen, value-only for remaining passes
  --- eval at update 609 ---
    PPO           reward  5591.13  thrpt  77.87Mbps  comp 0.665  totfail 0.333  depth 3.02
  >>> new best eval reward 5591.13, saved best.pt
[ 610/866] rew= 5430.4  thr=77.68Mbps  comp=0.657  drop=0.000  SINR=  9.6dB  KL= 0.0162  ent=1.018  clip=0.228  ev=+0.24  t=1759s
    [kl-stop] update 612: minibatch KL 0.0304 > 0.0300 (epoch 1/4) -- actor frozen, value-only for remaining passes
    [kl-stop] update 614: minibatch KL 0.0376 > 0.0300 (epoch 1/4) -- actor frozen, value-only for remaining passes
    [kl-stop] update 615: minibatch KL 0.0317 > 0.0300 (epoch 3/4) -- actor frozen, value-only for remaining passes
[ 615/866] rew= 6182.0  thr=80.27Mbps  comp=0.683  drop=0.000  SINR= 14.6dB  KL= 0.0230  ent=1.170  clip=0.284  ev=+0.32  t=2036s
    [kl-stop] update 616: minibatch KL 0.0541 > 0.0300 (epoch 1/4) -- actor frozen, value-only for remaining passes
    [kl-stop] update 617: minibatch KL 0.0364 > 0.0300 (epoch 1/4) -- actor frozen, value-only for remaining passes
    [kl-stop] update 618: minibatch KL 0.0644 > 0.0300 (epoch 3/4) -- actor frozen, value-only for remaining passes
  --- eval at update 619 ---
    PPO           reward  5588.05  thrpt  77.95Mbps  comp 0.664  totfail 0.333  depth 3.06
    [kl-stop] update 620: minibatch KL 0.0465 > 0.0300 (epoch 1/4) -- actor frozen, value-only for remaining passes
[ 620/866] rew= 3802.2  thr=71.62Mbps  comp=0.602  drop=0.000  SINR= 11.9dB  KL= 0.0361  ent=0.918  clip=0.386  ev=+0.25  t=2433s
    [kl-stop] update 622: minibatch KL 0.0366 > 0.0300 (epoch 2/4) -- actor frozen, value-only for remaining passes
    [kl-stop] update 623: minibatch KL 0.0538 > 0.0300 (epoch 1/4) -- actor frozen, value-only for remaining passes
    [batch-verify] update 625: 4 slots, max scaled |diff| 3.81e-06 OK
    [kl-stop] update 625: minibatch KL 0.0300 > 0.0300 (epoch 3/4) -- actor frozen, value-only for remaining passes
[ 625/866] rew= 6202.6  thr=80.69Mbps  comp=0.684  drop=0.000  SINR= 13.4dB  KL= 0.0194  ent=0.862  clip=0.248  ev=+0.26  t=2694s
    [kl-stop] update 626: minibatch KL 0.0345 > 0.0300 (epoch 3/4) -- actor frozen, value-only for remaining passes
    [kl-stop] update 628: minibatch KL 0.0311 > 0.0300 (epoch 3/4) -- actor frozen, value-only for remaining passes
  --- eval at update 629 ---
    PPO           reward  5602.68  thrpt  77.87Mbps  comp 0.665  totfail 0.332  depth 2.98
  >>> new best eval reward 5602.68, saved best.pt
[ 630/866] rew= 5595.3  thr=78.62Mbps  comp=0.659  drop=0.000  SINR=  9.5dB  KL= 0.0154  ent=1.337  clip=0.215  ev=+0.24  t=3087s
    [kl-stop] update 632: minibatch KL 0.0391 > 0.0300 (epoch 1/4) -- actor frozen, value-only for remaining passes
    [kl-stop] update 634: minibatch KL 0.0305 > 0.0300 (epoch 2/4) -- actor frozen, value-only for remaining passes
[ 635/866] rew= 5852.6  thr=79.58Mbps  comp=0.670  drop=0.000  SINR=  9.3dB  KL= 0.0167  ent=1.049  clip=0.223  ev=+0.28  t=3357s
    [kl-stop] update 636: minibatch KL 0.0362 > 0.0300 (epoch 2/4) -- actor frozen, value-only for remaining passes
    [kl-stop] update 637: minibatch KL 0.0310 > 0.0300 (epoch 3/4) -- actor frozen, value-only for remaining passes
    [kl-stop] update 638: minibatch KL 0.0320 > 0.0300 (epoch 2/4) -- actor frozen, value-only for remaining passes
  --- eval at update 639 ---
    PPO           reward  5626.88  thrpt  77.88Mbps  comp 0.666  totfail 0.331  depth 2.99
  >>> new best eval reward 5626.88, saved best.pt
[ 640/866] rew= 5979.4  thr=79.60Mbps  comp=0.675  drop=0.000  SINR= 11.4dB  KL= 0.0148  ent=1.123  clip=0.199  ev=+0.41  t=3755s
    [kl-stop] update 641: minibatch KL 0.0592 > 0.0300 (epoch 2/4) -- actor frozen, value-only for remaining passes
    [kl-stop] update 642: minibatch KL 0.0306 > 0.0300 (epoch 1/4) -- actor frozen, value-only for remaining passes
    [kl-stop] update 643: minibatch KL 0.0360 > 0.0300 (epoch 3/4) -- actor frozen, value-only for remaining passes
    [kl-stop] update 645: minibatch KL 0.0302 > 0.0300 (epoch 4/4) -- actor frozen, value-only for remaining passes
[ 645/866] rew= 4792.5  thr=73.28Mbps  comp=0.642  drop=0.000  SINR= 14.9dB  KL= 0.0200  ent=0.844  clip=0.270  ev=+0.30  t=4007s
    [kl-stop] update 646: minibatch KL 0.0311 > 0.0300 (epoch 2/4) -- actor frozen, value-only for remaining passes
    [kl-stop] update 648: minibatch KL 0.0609 > 0.0300 (epoch 2/4) -- actor frozen, value-only for remaining passes
    [kl-stop] update 649: minibatch KL 0.0566 > 0.0300 (epoch 1/4) -- actor frozen, value-only for remaining passes
  --- eval at update 649 ---
    PPO           reward  5603.92  thrpt  77.80Mbps  comp 0.665  totfail 0.332  depth 2.90
    [batch-verify] update 650: 4 slots, max scaled |diff| 7.63e-06 OK
    [kl-stop] update 650: minibatch KL 0.0448 > 0.0300 (epoch 2/4) -- actor frozen, value-only for remaining passes
[ 650/866] rew= 7405.6  thr=84.69Mbps  comp=0.726  drop=0.000  SINR= 11.9dB  KL= 0.0289  ent=0.961  clip=0.289  ev=-0.07  t=4377s
    [kl-stop] update 651: minibatch KL 0.0446 > 0.0300 (epoch 1/4) -- actor frozen, value-only for remaining passes
    [kl-stop] update 652: minibatch KL 0.0344 > 0.0300 (epoch 2/4) -- actor frozen, value-only for remaining passes
    [kl-stop] update 653: minibatch KL 0.0902 > 0.0300 (epoch 1/4) -- actor frozen, value-only for remaining passes
    [kl-stop] update 654: minibatch KL 0.0642 > 0.0300 (epoch 2/4) -- actor frozen, value-only for remaining passes
    [kl-stop] update 655: minibatch KL 0.0459 > 0.0300 (epoch 1/4) -- actor frozen, value-only for remaining passes
[ 655/866] rew= 6435.1  thr=81.07Mbps  comp=0.690  drop=0.000  SINR=  8.8dB  KL= 0.0505  ent=1.246  clip=0.481  ev=+0.02  t=4625s
    [kl-stop] update 656: minibatch KL 0.0514 > 0.0300 (epoch 3/4) -- actor frozen, value-only for remaining passes
    [kl-stop] update 657: minibatch KL 0.0338 > 0.0300 (epoch 3/4) -- actor frozen, value-only for remaining passes
    [kl-stop] update 658: minibatch KL 0.0538 > 0.0300 (epoch 2/4) -- actor frozen, value-only for remaining passes
  --- eval at update 659 ---
    PPO           reward  5605.81  thrpt  77.86Mbps  comp 0.665  totfail 0.332  depth 2.90
    [kl-stop] update 660: minibatch KL 0.0332 > 0.0300 (epoch 4/4) -- actor frozen, value-only for remaining passes
[ 660/866] rew= 5924.5  thr=79.02Mbps  comp=0.676  drop=0.000  SINR= 12.2dB  KL= 0.0189  ent=1.051  clip=0.254  ev=+0.29  t=5003s
    [kl-stop] update 661: minibatch KL 0.0309 > 0.0300 (epoch 4/4) -- actor frozen, value-only for remaining passes
    [kl-stop] update 662: minibatch KL 0.0428 > 0.0300 (epoch 2/4) -- actor frozen, value-only for remaining passes
    [kl-stop] update 663: minibatch KL 0.0354 > 0.0300 (epoch 2/4) -- actor frozen, value-only for remaining passes
    [kl-stop] update 665: minibatch KL 0.0410 > 0.0300 (epoch 1/4) -- actor frozen, value-only for remaining passes
[ 665/866] rew= 3658.1  thr=69.80Mbps  comp=0.599  drop=0.000  SINR= 13.4dB  KL= 0.0365  ent=0.828  clip=0.394  ev=+0.36  t=5269s
    [kl-stop] update 666: minibatch KL 0.0569 > 0.0300 (epoch 1/4) -- actor frozen, value-only for remaining passes
    [kl-stop] update 667: minibatch KL 0.0332 > 0.0300 (epoch 3/4) -- actor frozen, value-only for remaining passes
    [kl-stop] update 668: minibatch KL 0.0488 > 0.0300 (epoch 3/4) -- actor frozen, value-only for remaining passes
    [kl-stop] update 669: minibatch KL 0.0329 > 0.0300 (epoch 2/4) -- actor frozen, value-only for remaining passes
  --- eval at update 669 ---
    PPO           reward  5606.23  thrpt  77.72Mbps  comp 0.666  totfail 0.331  depth 2.88
    [kl-stop] update 670: minibatch KL 0.0646 > 0.0300 (epoch 1/4) -- actor frozen, value-only for remaining passes
[ 670/866] rew= 7136.0  thr=84.36Mbps  comp=0.714  drop=0.000  SINR=  9.4dB  KL= 0.0573  ent=0.945  clip=0.450  ev=+0.05  t=5633s
    [kl-stop] update 671: minibatch KL 0.0665 > 0.0300 (epoch 1/4) -- actor frozen, value-only for remaining passes
    [kl-stop] update 672: minibatch KL 0.0360 > 0.0300 (epoch 3/4) -- actor frozen, value-only for remaining passes
    [kl-stop] update 673: minibatch KL 0.0509 > 0.0300 (epoch 3/4) -- actor frozen, value-only for remaining passes
    [kl-stop] update 674: minibatch KL 0.0427 > 0.0300 (epoch 1/4) -- actor frozen, value-only for remaining passes
    [batch-verify] update 675: 4 slots, max scaled |diff| 7.63e-06 OK
[ 675/866] rew= 5151.0  thr=75.92Mbps  comp=0.651  drop=0.000  SINR= 11.4dB  KL= 0.0159  ent=0.891  clip=0.210  ev=+0.24  t=5891s
    [kl-stop] update 678: minibatch KL 0.0447 > 0.0300 (epoch 2/4) -- actor frozen, value-only for remaining passes
    [kl-stop] update 679: minibatch KL 0.0405 > 0.0300 (epoch 2/4) -- actor frozen, value-only for remaining passes
  --- eval at update 679 ---
    PPO           reward  5602.70  thrpt  77.86Mbps  comp 0.665  totfail 0.332  depth 3.00
    [kl-stop] update 680: minibatch KL 0.0308 > 0.0300 (epoch 1/4) -- actor frozen, value-only for remaining passes
[ 680/866] rew= 4775.6  thr=75.55Mbps  comp=0.634  drop=0.000  SINR=  8.7dB  KL= 0.0286  ent=0.946  clip=0.353  ev=+0.28  t=6286s
    [kl-stop] update 681: minibatch KL 0.0419 > 0.0300 (epoch 2/4) -- actor frozen, value-only for remaining passes
    [kl-stop] update 682: minibatch KL 0.0546 > 0.0300 (epoch 1/4) -- actor frozen, value-only for remaining passes
    [kl-stop] update 683: minibatch KL 0.0321 > 0.0300 (epoch 2/4) -- actor frozen, value-only for remaining passes
    [kl-stop] update 685: minibatch KL 0.0414 > 0.0300 (epoch 1/4) -- actor frozen, value-only for remaining passes
[ 685/866] rew= 6338.9  thr=81.18Mbps  comp=0.688  drop=0.000  SINR= 12.6dB  KL= 0.0353  ent=0.989  clip=0.389  ev=+0.38  t=6567s
    [kl-stop] update 686: minibatch KL 0.0347 > 0.0300 (epoch 1/4) -- actor frozen, value-only for remaining passes
    [kl-stop] update 687: minibatch KL 0.0321 > 0.0300 (epoch 2/4) -- actor frozen, value-only for remaining passes
    [kl-stop] update 688: minibatch KL 0.0309 > 0.0300 (epoch 1/4) -- actor frozen, value-only for remaining passes
    [kl-stop] update 689: minibatch KL 0.0531 > 0.0300 (epoch 1/4) -- actor frozen, value-only for remaining passes
  --- eval at update 689 ---
    PPO           reward  5598.75  thrpt  77.89Mbps  comp 0.665  totfail 0.332  depth 3.02
    [kl-stop] update 690: minibatch KL 0.0737 > 0.0300 (epoch 1/4) -- actor frozen, value-only for remaining passes
[ 690/866] rew= 1893.4  thr=63.75Mbps  comp=0.541  drop=0.000  SINR= 11.0dB  KL= 0.0674  ent=0.687  clip=0.510  ev=+0.31  t=6953s
    [kl-stop] update 691: minibatch KL 0.1003 > 0.0300 (epoch 1/4) -- actor frozen, value-only for remaining passes
    [kl-stop] update 692: minibatch KL 0.0645 > 0.0300 (epoch 1/4) -- actor frozen, value-only for remaining passes
    [kl-stop] update 693: minibatch KL 0.0721 > 0.0300 (epoch 3/4) -- actor frozen, value-only for remaining passes
    [kl-stop] update 694: minibatch KL 0.0439 > 0.0300 (epoch 1/4) -- actor frozen, value-only for remaining passes
    [kl-stop] update 695: minibatch KL 0.0558 > 0.0300 (epoch 1/4) -- actor frozen, value-only for remaining passes
[ 695/866] rew= 7711.5  thr=86.12Mbps  comp=0.736  drop=0.000  SINR= 11.8dB  KL= 0.0522  ent=0.908  clip=0.441  ev=+0.12  t=7202s
    [kl-stop] update 696: minibatch KL 0.0421 > 0.0300 (epoch 1/4) -- actor frozen, value-only for remaining passes
    [kl-stop] update 697: minibatch KL 0.0335 > 0.0300 (epoch 4/4) -- actor frozen, value-only for remaining passes
    [kl-stop] update 698: minibatch KL 0.0390 > 0.0300 (epoch 2/4) -- actor frozen, value-only for remaining passes
  --- eval at update 699 ---
    PPO           reward  5583.15  thrpt  77.89Mbps  comp 0.664  totfail 0.333  depth 3.09
    [batch-verify] update 700: 4 slots, max scaled |diff| 5.72e-06 OK
    [kl-stop] update 700: minibatch KL 0.0573 > 0.0300 (epoch 2/4) -- actor frozen, value-only for remaining passes
[ 700/866] rew= 3872.2  thr=72.58Mbps  comp=0.604  drop=0.000  SINR=  7.5dB  KL= 0.0434  ent=0.952  clip=0.375  ev=+0.19  t=7601s
    [kl-stop] update 701: minibatch KL 0.0402 > 0.0300 (epoch 1/4) -- actor frozen, value-only for remaining passes
    [kl-stop] update 702: minibatch KL 0.0302 > 0.0300 (epoch 1/4) -- actor frozen, value-only for remaining passes
    [kl-stop] update 703: minibatch KL 0.0342 > 0.0300 (epoch 2/4) -- actor frozen, value-only for remaining passes
    [kl-stop] update 705: minibatch KL 0.0346 > 0.0300 (epoch 1/4) -- actor frozen, value-only for remaining passes
[ 705/866] rew= 3153.2  thr=68.72Mbps  comp=0.580  drop=0.000  SINR=  7.7dB  KL= 0.0264  ent=0.916  clip=0.342  ev=+0.25  t=7862s
    [kl-stop] update 706: minibatch KL 0.0309 > 0.0300 (epoch 3/4) -- actor frozen, value-only for remaining passes
    [kl-stop] update 707: minibatch KL 0.0343 > 0.0300 (epoch 2/4) -- actor frozen, value-only for remaining passes
    [kl-stop] update 708: minibatch KL 0.0406 > 0.0300 (epoch 4/4) -- actor frozen, value-only for remaining passes
    [kl-stop] update 709: minibatch KL 0.0477 > 0.0300 (epoch 2/4) -- actor frozen, value-only for remaining passes
  --- eval at update 709 ---
    PPO           reward  5615.39  thrpt  77.85Mbps  comp 0.666  totfail 0.331  depth 2.96
    [kl-stop] update 710: minibatch KL 0.0426 > 0.0300 (epoch 1/4) -- actor frozen, value-only for remaining passes
[ 710/866] rew= 3695.0  thr=70.02Mbps  comp=0.602  drop=0.000  SINR=  9.8dB  KL= 0.0338  ent=0.783  clip=0.371  ev=+0.23  t=8242s
    [kl-stop] update 711: minibatch KL 0.0464 > 0.0300 (epoch 1/4) -- actor frozen, value-only for remaining passes
    [kl-stop] update 712: minibatch KL 0.0316 > 0.0300 (epoch 2/4) -- actor frozen, value-only for remaining passes
    [kl-stop] update 713: minibatch KL 0.0515 > 0.0300 (epoch 2/4) -- actor frozen, value-only for remaining passes
    [kl-stop] update 714: minibatch KL 0.0348 > 0.0300 (epoch 1/4) -- actor frozen, value-only for remaining passes
    [kl-stop] update 715: minibatch KL 0.0517 > 0.0300 (epoch 1/4) -- actor frozen, value-only for remaining passes
[ 715/866] rew= 7590.3  thr=86.29Mbps  comp=0.729  drop=0.000  SINR= 14.2dB  KL= 0.0448  ent=0.961  clip=0.435  ev=+0.02  t=8505s
    [kl-stop] update 716: minibatch KL 0.0551 > 0.0300 (epoch 1/4) -- actor frozen, value-only for remaining passes
    [kl-stop] update 717: minibatch KL 0.0517 > 0.0300 (epoch 3/4) -- actor frozen, value-only for remaining passes
    [kl-stop] update 718: minibatch KL 0.0318 > 0.0300 (epoch 1/4) -- actor frozen, value-only for remaining passes
    [kl-stop] update 719: minibatch KL 0.0547 > 0.0300 (epoch 1/4) -- actor frozen, value-only for remaining passes
  --- eval at update 719 ---
    PPO           reward  5590.38  thrpt  77.76Mbps  comp 0.665  totfail 0.332  depth 2.94
    [kl-stop] update 720: minibatch KL 0.0415 > 0.0300 (epoch 1/4) -- actor frozen, value-only for remaining passes
[ 720/866] rew= 4221.0  thr=70.93Mbps  comp=0.624  drop=0.000  SINR= 12.3dB  KL= 0.0326  ent=0.720  clip=0.376  ev=+0.39  t=8888s
    [kl-stop] update 721: minibatch KL 0.0337 > 0.0300 (epoch 1/4) -- actor frozen, value-only for remaining passes
    [kl-stop] update 722: minibatch KL 0.0319 > 0.0300 (epoch 2/4) -- actor frozen, value-only for remaining passes
    [kl-stop] update 723: minibatch KL 0.0354 > 0.0300 (epoch 2/4) -- actor frozen, value-only for remaining passes
    [kl-stop] update 724: minibatch KL 0.0600 > 0.0300 (epoch 1/4) -- actor frozen, value-only for remaining passes
    [batch-verify] update 725: 4 slots, max scaled |diff| 3.81e-06 OK
[ 725/866] rew= 5273.3  thr=76.72Mbps  comp=0.654  drop=0.000  SINR= 12.4dB  KL= 0.0169  ent=0.774  clip=0.224  ev=-0.15  t=9148s
    [kl-stop] update 726: minibatch KL 0.0422 > 0.0300 (epoch 2/4) -- actor frozen, value-only for remaining passes
    [kl-stop] update 728: minibatch KL 0.0404 > 0.0300 (epoch 1/4) -- actor frozen, value-only for remaining passes
  --- eval at update 729 ---
    PPO           reward  5604.76  thrpt  77.73Mbps  comp 0.666  totfail 0.331  depth 2.80
[ 730/866] rew= 6040.3  thr=78.97Mbps  comp=0.681  drop=0.000  SINR=  9.3dB  KL= 0.0132  ent=0.877  clip=0.175  ev=+0.42  t=9521s
    [kl-stop] update 731: minibatch KL 0.0374 > 0.0300 (epoch 2/4) -- actor frozen, value-only for remaining passes
    [kl-stop] update 732: minibatch KL 0.0364 > 0.0300 (epoch 2/4) -- actor frozen, value-only for remaining passes
    [kl-stop] update 733: minibatch KL 0.0323 > 0.0300 (epoch 4/4) -- actor frozen, value-only for remaining passes
    [kl-stop] update 734: minibatch KL 0.0451 > 0.0300 (epoch 2/4) -- actor frozen, value-only for remaining passes
[ 735/866] rew= 4706.2  thr=75.61Mbps  comp=0.633  drop=0.000  SINR= 11.0dB  KL= 0.0177  ent=0.620  clip=0.211  ev=+0.12  t=9765s
    [kl-stop] update 736: minibatch KL 0.0402 > 0.0300 (epoch 2/4) -- actor frozen, value-only for remaining passes
    [kl-stop] update 738: minibatch KL 0.0310 > 0.0300 (epoch 2/4) -- actor frozen, value-only for remaining passes
    [kl-stop] update 739: minibatch KL 0.0332 > 0.0300 (epoch 1/4) -- actor frozen, value-only for remaining passes
  --- eval at update 739 ---
    PPO           reward  5636.50  thrpt  77.82Mbps  comp 0.667  totfail 0.330  depth 2.80
  >>> new best eval reward 5636.50, saved best.pt
    [kl-stop] update 740: minibatch KL 0.0389 > 0.0300 (epoch 2/4) -- actor frozen, value-only for remaining passes
[ 740/866] rew= 4069.8  thr=71.31Mbps  comp=0.615  drop=0.000  SINR= 10.1dB  KL= 0.0250  ent=0.784  clip=0.297  ev=+0.26  t=10122s
    [kl-stop] update 741: minibatch KL 0.0315 > 0.0300 (epoch 1/4) -- actor frozen, value-only for remaining passes
    [kl-stop] update 742: minibatch KL 0.0456 > 0.0300 (epoch 1/4) -- actor frozen, value-only for remaining passes
    [kl-stop] update 743: minibatch KL 0.0385 > 0.0300 (epoch 1/4) -- actor frozen, value-only for remaining passes
    [kl-stop] update 745: minibatch KL 0.0314 > 0.0300 (epoch 4/4) -- actor frozen, value-only for remaining passes
[ 745/866] rew= 5468.4  thr=78.11Mbps  comp=0.659  drop=0.000  SINR= 14.5dB  KL= 0.0194  ent=0.650  clip=0.241  ev=+0.14  t=10356s
    [kl-stop] update 746: minibatch KL 0.0301 > 0.0300 (epoch 3/4) -- actor frozen, value-only for remaining passes
    [kl-stop] update 747: minibatch KL 0.0332 > 0.0300 (epoch 2/4) -- actor frozen, value-only for remaining passes
    [kl-stop] update 748: minibatch KL 0.0341 > 0.0300 (epoch 2/4) -- actor frozen, value-only for remaining passes
    [kl-stop] update 749: minibatch KL 0.0365 > 0.0300 (epoch 2/4) -- actor frozen, value-only for remaining passes
  --- eval at update 749 ---
    PPO           reward  5633.45  thrpt  77.81Mbps  comp 0.667  totfail 0.330  depth 2.74
    [batch-verify] update 750: 4 slots, max scaled |diff| 1.91e-06 OK
    [kl-stop] update 750: minibatch KL 0.0356 > 0.0300 (epoch 2/4) -- actor frozen, value-only for remaining passes
[ 750/866] rew= 3944.8  thr=71.18Mbps  comp=0.611  drop=0.000  SINR= 13.0dB  KL= 0.0239  ent=0.666  clip=0.260  ev=+0.36  t=10708s
    [kl-stop] update 751: minibatch KL 0.0373 > 0.0300 (epoch 1/4) -- actor frozen, value-only for remaining passes
    [kl-stop] update 752: minibatch KL 0.0407 > 0.0300 (epoch 1/4) -- actor frozen, value-only for remaining passes
    [kl-stop] update 753: minibatch KL 0.0326 > 0.0300 (epoch 1/4) -- actor frozen, value-only for remaining passes
    [kl-stop] update 754: minibatch KL 0.0312 > 0.0300 (epoch 3/4) -- actor frozen, value-only for remaining passes
    [kl-stop] update 755: minibatch KL 0.0311 > 0.0300 (epoch 2/4) -- actor frozen, value-only for remaining passes
[ 755/866] rew= 3784.5  thr=70.52Mbps  comp=0.606  drop=0.000  SINR= 19.5dB  KL= 0.0208  ent=0.547  clip=0.220  ev=+0.14  t=10938s
    [kl-stop] update 756: minibatch KL 0.0310 > 0.0300 (epoch 3/4) -- actor frozen, value-only for remaining passes
    [kl-stop] update 757: minibatch KL 0.0550 > 0.0300 (epoch 2/4) -- actor frozen, value-only for remaining passes
    [kl-stop] update 758: minibatch KL 0.0385 > 0.0300 (epoch 1/4) -- actor frozen, value-only for remaining passes
    [kl-stop] update 759: minibatch KL 0.0430 > 0.0300 (epoch 1/4) -- actor frozen, value-only for remaining passes
  --- eval at update 759 ---
    PPO           reward  5599.53  thrpt  77.73Mbps  comp 0.666  totfail 0.332  depth 2.70
    [kl-stop] update 760: minibatch KL 0.0301 > 0.0300 (epoch 1/4) -- actor frozen, value-only for remaining passes
[ 760/866] rew= 5785.8  thr=78.87Mbps  comp=0.671  drop=0.000  SINR= 11.0dB  KL= 0.0270  ent=0.739  clip=0.315  ev=+0.34  t=11300s
    [kl-stop] update 762: minibatch KL 0.0309 > 0.0300 (epoch 2/4) -- actor frozen, value-only for remaining passes
    [kl-stop] update 763: minibatch KL 0.0355 > 0.0300 (epoch 1/4) -- actor frozen, value-only for remaining passes
    [kl-stop] update 764: minibatch KL 0.0373 > 0.0300 (epoch 3/4) -- actor frozen, value-only for remaining passes
[ 765/866] rew= 6146.5  thr=79.09Mbps  comp=0.683  drop=0.000  SINR= 12.2dB  KL= 0.0162  ent=1.152  clip=0.223  ev=+0.40  t=11549s
    [kl-stop] update 766: minibatch KL 0.0406 > 0.0300 (epoch 2/4) -- actor frozen, value-only for remaining passes
    [kl-stop] update 767: minibatch KL 0.0312 > 0.0300 (epoch 4/4) -- actor frozen, value-only for remaining passes
    [kl-stop] update 769: minibatch KL 0.0405 > 0.0300 (epoch 1/4) -- actor frozen, value-only for remaining passes
  --- eval at update 769 ---
    PPO           reward  5635.92  thrpt  77.76Mbps  comp 0.667  totfail 0.330  depth 2.69
    [kl-stop] update 770: minibatch KL 0.0365 > 0.0300 (epoch 1/4) -- actor frozen, value-only for remaining passes
[ 770/866] rew= 4114.0  thr=72.25Mbps  comp=0.614  drop=0.000  SINR= 15.6dB  KL= 0.0325  ent=0.685  clip=0.374  ev=+0.26  t=11902s
    [kl-stop] update 771: minibatch KL 0.0326 > 0.0300 (epoch 3/4) -- actor frozen, value-only for remaining passes
    [kl-stop] update 772: minibatch KL 0.0300 > 0.0300 (epoch 3/4) -- actor frozen, value-only for remaining passes
    [batch-verify] update 775: 4 slots, max scaled |diff| 3.81e-06 OK
    [kl-stop] update 775: minibatch KL 0.0409 > 0.0300 (epoch 3/4) -- actor frozen, value-only for remaining passes
[ 775/866] rew= 6527.3  thr=80.74Mbps  comp=0.699  drop=0.000  SINR= 12.3dB  KL= 0.0257  ent=0.818  clip=0.289  ev=+0.26  t=12139s
    [kl-stop] update 776: minibatch KL 0.0347 > 0.0300 (epoch 3/4) -- actor frozen, value-only for remaining passes
    [kl-stop] update 777: minibatch KL 0.0316 > 0.0300 (epoch 1/4) -- actor frozen, value-only for remaining passes
    [kl-stop] update 778: minibatch KL 0.0353 > 0.0300 (epoch 1/4) -- actor frozen, value-only for remaining passes
    [kl-stop] update 779: minibatch KL 0.0305 > 0.0300 (epoch 1/4) -- actor frozen, value-only for remaining passes
  --- eval at update 779 ---
    PPO           reward  5547.19  thrpt  77.42Mbps  comp 0.664  totfail 0.333  depth 2.56
    [kl-stop] update 780: minibatch KL 0.0327 > 0.0300 (epoch 2/4) -- actor frozen, value-only for remaining passes
[ 780/866] rew= 4725.3  thr=75.00Mbps  comp=0.633  drop=0.000  SINR= 11.9dB  KL= 0.0288  ent=0.719  clip=0.329  ev=+0.38  t=12498s
    [kl-stop] update 782: minibatch KL 0.0300 > 0.0300 (epoch 2/4) -- actor frozen, value-only for remaining passes
    [kl-stop] update 783: minibatch KL 0.0309 > 0.0300 (epoch 4/4) -- actor frozen, value-only for remaining passes
    [kl-stop] update 784: minibatch KL 0.0527 > 0.0300 (epoch 2/4) -- actor frozen, value-only for remaining passes
    [kl-stop] update 785: minibatch KL 0.0349 > 0.0300 (epoch 1/4) -- actor frozen, value-only for remaining passes
[ 785/866] rew= 4035.0  thr=71.42Mbps  comp=0.615  drop=0.000  SINR= 12.5dB  KL= 0.0304  ent=0.576  clip=0.322  ev=+0.38  t=12736s
    [kl-stop] update 786: minibatch KL 0.0311 > 0.0300 (epoch 2/4) -- actor frozen, value-only for remaining passes
    [kl-stop] update 787: minibatch KL 0.0347 > 0.0300 (epoch 1/4) -- actor frozen, value-only for remaining passes
    [kl-stop] update 788: minibatch KL 0.0325 > 0.0300 (epoch 3/4) -- actor frozen, value-only for remaining passes
    [kl-stop] update 789: minibatch KL 0.0419 > 0.0300 (epoch 2/4) -- actor frozen, value-only for remaining passes
  --- eval at update 789 ---
    PPO           reward  5501.89  thrpt  77.30Mbps  comp 0.663  totfail 0.335  depth 2.55
    [kl-stop] update 790: minibatch KL 0.0511 > 0.0300 (epoch 1/4) -- actor frozen, value-only for remaining passes
[ 790/866] rew= 9036.3  thr=91.32Mbps  comp=0.778  drop=0.000  SINR= 14.3dB  KL= 0.0416  ent=1.023  clip=0.448  ev=+0.28  t=13078s
    [kl-stop] update 791: minibatch KL 0.0448 > 0.0300 (epoch 1/4) -- actor frozen, value-only for remaining passes
    [kl-stop] update 793: minibatch KL 0.0302 > 0.0300 (epoch 2/4) -- actor frozen, value-only for remaining passes
    [kl-stop] update 794: minibatch KL 0.0532 > 0.0300 (epoch 2/4) -- actor frozen, value-only for remaining passes
    [kl-stop] update 795: minibatch KL 0.0323 > 0.0300 (epoch 2/4) -- actor frozen, value-only for remaining passes
[ 795/866] rew= 4684.3  thr=74.03Mbps  comp=0.636  drop=0.000  SINR= 11.3dB  KL= 0.0269  ent=0.697  clip=0.310  ev=+0.11  t=13318s
    [kl-stop] update 796: minibatch KL 0.0433 > 0.0300 (epoch 2/4) -- actor frozen, value-only for remaining passes
    [kl-stop] update 797: minibatch KL 0.0308 > 0.0300 (epoch 3/4) -- actor frozen, value-only for remaining passes
    [kl-stop] update 799: minibatch KL 0.0351 > 0.0300 (epoch 1/4) -- actor frozen, value-only for remaining passes
  --- eval at update 799 ---
    PPO           reward  5589.33  thrpt  77.58Mbps  comp 0.666  totfail 0.331  depth 2.62
    [batch-verify] update 800: 4 slots, max scaled |diff| 4.31e-06 OK
    [kl-stop] update 800: minibatch KL 0.0448 > 0.0300 (epoch 1/4) -- actor frozen, value-only for remaining passes
[ 800/866] rew= 8274.4  thr=87.83Mbps  comp=0.756  drop=0.000  SINR= 12.3dB  KL= 0.0353  ent=0.805  clip=0.389  ev=+0.24  t=13673s
    [kl-stop] update 801: minibatch KL 0.0419 > 0.0300 (epoch 3/4) -- actor frozen, value-only for remaining passes
    [kl-stop] update 802: minibatch KL 0.0366 > 0.0300 (epoch 1/4) -- actor frozen, value-only for remaining passes
    [kl-stop] update 803: minibatch KL 0.0312 > 0.0300 (epoch 4/4) -- actor frozen, value-only for remaining passes
    [kl-stop] update 804: minibatch KL 0.0320 > 0.0300 (epoch 4/4) -- actor frozen, value-only for remaining passes
    [kl-stop] update 805: minibatch KL 0.0408 > 0.0300 (epoch 2/4) -- actor frozen, value-only for remaining passes
[ 805/866] rew= 2831.2  thr=66.14Mbps  comp=0.575  drop=0.000  SINR= 11.9dB  KL= 0.0296  ent=0.461  clip=0.276  ev=+0.23  t=13912s
    [kl-stop] update 806: minibatch KL 0.0521 > 0.0300 (epoch 1/4) -- actor frozen, value-only for remaining passes
    [kl-stop] update 807: minibatch KL 0.0365 > 0.0300 (epoch 1/4) -- actor frozen, value-only for remaining passes
    [kl-stop] update 808: minibatch KL 0.0468 > 0.0300 (epoch 3/4) -- actor frozen, value-only for remaining passes
    [kl-stop] update 809: minibatch KL 0.0487 > 0.0300 (epoch 2/4) -- actor frozen, value-only for remaining passes
  --- eval at update 809 ---
    PPO           reward  5475.70  thrpt  77.19Mbps  comp 0.662  totfail 0.335  depth 2.54
    [kl-stop] update 810: minibatch KL 0.0308 > 0.0300 (epoch 1/4) -- actor frozen, value-only for remaining passes
[ 810/866] rew= 3116.7  thr=68.59Mbps  comp=0.582  drop=0.000  SINR= 11.6dB  KL= 0.0264  ent=0.518  clip=0.323  ev=+0.17  t=14258s
    [kl-stop] update 811: minibatch KL 0.0315 > 0.0300 (epoch 4/4) -- actor frozen, value-only for remaining passes
    [kl-stop] update 812: minibatch KL 0.0354 > 0.0300 (epoch 2/4) -- actor frozen, value-only for remaining passes
    [kl-stop] update 813: minibatch KL 0.0504 > 0.0300 (epoch 2/4) -- actor frozen, value-only for remaining passes
    [kl-stop] update 814: minibatch KL 0.0317 > 0.0300 (epoch 1/4) -- actor frozen, value-only for remaining passes
    [kl-stop] update 815: minibatch KL 0.0474 > 0.0300 (epoch 1/4) -- actor frozen, value-only for remaining passes
[ 815/866] rew= 6355.1  thr=80.91Mbps  comp=0.690  drop=0.000  SINR= 16.7dB  KL= 0.0421  ent=0.648  clip=0.417  ev=+0.23  t=14494s
    [kl-stop] update 816: minibatch KL 0.0336 > 0.0300 (epoch 2/4) -- actor frozen, value-only for remaining passes
    [kl-stop] update 818: minibatch KL 0.0349 > 0.0300 (epoch 1/4) -- actor frozen, value-only for remaining passes
    [kl-stop] update 819: minibatch KL 0.0379 > 0.0300 (epoch 1/4) -- actor frozen, value-only for remaining passes
  --- eval at update 819 ---
    PPO           reward  5610.40  thrpt  77.69Mbps  comp 0.666  totfail 0.331  depth 2.64
    [kl-stop] update 820: minibatch KL 0.0423 > 0.0300 (epoch 2/4) -- actor frozen, value-only for remaining passes
[ 820/866] rew= 5937.5  thr=79.35Mbps  comp=0.675  drop=0.000  SINR= 14.6dB  KL= 0.0329  ent=0.843  clip=0.335  ev=+0.26  t=14845s
    [kl-stop] update 821: minibatch KL 0.0391 > 0.0300 (epoch 1/4) -- actor frozen, value-only for remaining passes
    [kl-stop] update 822: minibatch KL 0.0471 > 0.0300 (epoch 2/4) -- actor frozen, value-only for remaining passes
    [kl-stop] update 823: minibatch KL 0.0337 > 0.0300 (epoch 2/4) -- actor frozen, value-only for remaining passes
    [kl-stop] update 824: minibatch KL 0.0744 > 0.0300 (epoch 1/4) -- actor frozen, value-only for remaining passes
    [batch-verify] update 825: 4 slots, max scaled |diff| 1.91e-06 OK
    [kl-stop] update 825: minibatch KL 0.0493 > 0.0300 (epoch 1/4) -- actor frozen, value-only for remaining passes
[ 825/866] rew= 2821.2  thr=67.76Mbps  comp=0.570  drop=0.000  SINR=  9.9dB  KL= 0.0407  ent=0.590  clip=0.413  ev=+0.23  t=15087s
    [kl-stop] update 826: minibatch KL 0.0500 > 0.0300 (epoch 3/4) -- actor frozen, value-only for remaining passes
    [kl-stop] update 827: minibatch KL 0.0328 > 0.0300 (epoch 1/4) -- actor frozen, value-only for remaining passes
    [kl-stop] update 829: minibatch KL 0.0695 > 0.0300 (epoch 2/4) -- actor frozen, value-only for remaining passes
  --- eval at update 829 ---
    PPO           reward  5583.20  thrpt  77.61Mbps  comp 0.665  totfail 0.332  depth 2.68
    [kl-stop] update 830: minibatch KL 0.0618 > 0.0300 (epoch 1/4) -- actor frozen, value-only for remaining passes
[ 830/866] rew= 2824.4  thr=67.48Mbps  comp=0.571  drop=0.000  SINR=  7.6dB  KL= 0.0517  ent=0.708  clip=0.465  ev=+0.27  t=15433s
    [kl-stop] update 831: minibatch KL 0.0549 > 0.0300 (epoch 1/4) -- actor frozen, value-only for remaining passes
    [kl-stop] update 832: minibatch KL 0.0649 > 0.0300 (epoch 3/4) -- actor frozen, value-only for remaining passes
    [kl-stop] update 833: minibatch KL 0.0527 > 0.0300 (epoch 1/4) -- actor frozen, value-only for remaining passes
    [kl-stop] update 834: minibatch KL 0.0374 > 0.0300 (epoch 3/4) -- actor frozen, value-only for remaining passes
    [kl-stop] update 835: minibatch KL 0.0360 > 0.0300 (epoch 1/4) -- actor frozen, value-only for remaining passes
[ 835/866] rew= 4204.6  thr=72.64Mbps  comp=0.619  drop=0.000  SINR=  9.5dB  KL= 0.0294  ent=0.617  clip=0.320  ev=-0.08  t=15662s
    [kl-stop] update 836: minibatch KL 0.0365 > 0.0300 (epoch 3/4) -- actor frozen, value-only for remaining passes
    [kl-stop] update 837: minibatch KL 0.0313 > 0.0300 (epoch 2/4) -- actor frozen, value-only for remaining passes
    [kl-stop] update 838: minibatch KL 0.0344 > 0.0300 (epoch 1/4) -- actor frozen, value-only for remaining passes
  --- eval at update 839 ---
    PPO           reward  5501.63  thrpt  77.32Mbps  comp 0.662  totfail 0.335  depth 2.57
    [kl-stop] update 840: minibatch KL 0.0496 > 0.0300 (epoch 2/4) -- actor frozen, value-only for remaining passes
[ 840/866] rew= 6677.9  thr=82.05Mbps  comp=0.702  drop=0.000  SINR= 15.0dB  KL= 0.0382  ent=0.645  clip=0.361  ev=+0.25  t=15997s
    [kl-stop] update 841: minibatch KL 0.0399 > 0.0300 (epoch 1/4) -- actor frozen, value-only for remaining passes
    [kl-stop] update 842: minibatch KL 0.0347 > 0.0300 (epoch 3/4) -- actor frozen, value-only for remaining passes
    [kl-stop] update 843: minibatch KL 0.0353 > 0.0300 (epoch 2/4) -- actor frozen, value-only for remaining passes
    [kl-stop] update 844: minibatch KL 0.0437 > 0.0300 (epoch 2/4) -- actor frozen, value-only for remaining passes
    [kl-stop] update 845: minibatch KL 0.0356 > 0.0300 (epoch 1/4) -- actor frozen, value-only for remaining passes
[ 845/866] rew= 8080.9  thr=87.37Mbps  comp=0.746  drop=0.000  SINR= 11.6dB  KL= 0.0306  ent=0.877  clip=0.365  ev=+0.24  t=16229s
    [kl-stop] update 846: minibatch KL 0.0520 > 0.0300 (epoch 1/4) -- actor frozen, value-only for remaining passes
    [kl-stop] update 847: minibatch KL 0.0419 > 0.0300 (epoch 3/4) -- actor frozen, value-only for remaining passes
    [kl-stop] update 848: minibatch KL 0.0477 > 0.0300 (epoch 2/4) -- actor frozen, value-only for remaining passes
  --- eval at update 849 ---
    PPO           reward  5573.02  thrpt  77.58Mbps  comp 0.665  totfail 0.332  depth 2.68
    [batch-verify] update 850: 4 slots, max scaled |diff| 4.27e-06 OK
[ 850/866] rew= 5363.7  thr=76.19Mbps  comp=0.660  drop=0.000  SINR= 11.1dB  KL= 0.0155  ent=0.722  clip=0.209  ev=+0.16  t=16595s
    [kl-stop] update 851: minibatch KL 0.0596 > 0.0300 (epoch 2/4) -- actor frozen, value-only for remaining passes
    [kl-stop] update 852: minibatch KL 0.0369 > 0.0300 (epoch 1/4) -- actor frozen, value-only for remaining passes
    [kl-stop] update 853: minibatch KL 0.0379 > 0.0300 (epoch 2/4) -- actor frozen, value-only for remaining passes
    [kl-stop] update 854: minibatch KL 0.0404 > 0.0300 (epoch 2/4) -- actor frozen, value-only for remaining passes
    [kl-stop] update 855: minibatch KL 0.0430 > 0.0300 (epoch 1/4) -- actor frozen, value-only for remaining passes
[ 855/866] rew= 4176.8  thr=71.53Mbps  comp=0.619  drop=0.000  SINR= 10.3dB  KL= 0.0294  ent=0.682  clip=0.341  ev=+0.30  t=16841s
    [kl-stop] update 856: minibatch KL 0.0365 > 0.0300 (epoch 2/4) -- actor frozen, value-only for remaining passes
    [kl-stop] update 857: minibatch KL 0.0311 > 0.0300 (epoch 1/4) -- actor frozen, value-only for remaining passes
    [kl-stop] update 858: minibatch KL 0.0306 > 0.0300 (epoch 3/4) -- actor frozen, value-only for remaining passes
    [kl-stop] update 859: minibatch KL 0.0400 > 0.0300 (epoch 1/4) -- actor frozen, value-only for remaining passes
  --- eval at update 859 ---
    PPO           reward  5554.02  thrpt  77.49Mbps  comp 0.664  totfail 0.333  depth 2.60
    [kl-stop] update 860: minibatch KL 0.0429 > 0.0300 (epoch 2/4) -- actor frozen, value-only for remaining passes
[ 860/866] rew= 6606.4  thr=82.09Mbps  comp=0.697  drop=0.000  SINR= 11.5dB  KL= 0.0308  ent=0.797  clip=0.334  ev=+0.14  t=17236s
    [kl-stop] update 862: minibatch KL 0.0343 > 0.0300 (epoch 2/4) -- actor frozen, value-only for remaining passes
    [kl-stop] update 863: minibatch KL 0.0351 > 0.0300 (epoch 3/4) -- actor frozen, value-only for remaining passes
    [kl-stop] update 864: minibatch KL 0.0397 > 0.0300 (epoch 2/4) -- actor frozen, value-only for remaining passes
    [kl-stop] update 865: minibatch KL 0.0605 > 0.0300 (epoch 2/4) -- actor frozen, value-only for remaining passes
[ 865/866] rew= 7895.0  thr=86.61Mbps  comp=0.741  drop=0.000  SINR= 13.6dB  KL= 0.0380  ent=0.753  clip=0.314  ev=+0.30  t=17494s
latest.pt saved at update 865

Done. 280 updates in 17494s  (62.5s/update). Best eval reward: 5636.50
===== [wrap] DONE =====
