fill worker TAG=a, worlds: ['P055', 'P010']

=== [P055] SUS thr 0.75, n=40 ===
  ..10/40 (4.9 min)
  ..20/40 (9.8 min)
  ..30/40 (14.0 min)
  ..40/40 (18.2 min)
  SUS+PF       -5552.3
  SUS+Random   -5552.4
  SU+PF        -9605.2
  SU+Random   -12814.0

=== [P010] SUS thr 0.80, n=40 ===
/home/MYH/ML_DRL_Scheduler/env.py:363: RuntimeWarning: divide by zero encountered in log10
  slot_sinr_db = (float(10.0 * np.log10(sinr_map[occ].mean()))
  ..10/40 (3.6 min)
  ..20/40 (7.2 min)
  ..30/40 (10.6 min)
  ..40/40 (14.6 min)
  SUS+PF        2653.8
  SUS+Random    2537.1
  SU+PF         2833.3
  SU+Random     2419.5

saved -> Run4/_analysis/OOD/results/ood_grid_fill_a.csv
