KNOWN FLAWED historical sampler: zero-cap members are retained and treated as failed ratios. These values are not a corrected beta recommendation. No artifact was modified.
archived sampler: episode 50000 (1/1)
archived sampler: episode 70000 (1/1)
{
  "historical_beta_rounded": [
    0.9343,
    0.8036,
    0.4965,
    0.151
  ],
  "historical_holdout": {
    "1": {
      "historical_first_ack": 0.8,
      "episode_cluster_ci95": [
        0.8,
        0.8
      ],
      "member_count": 10
    },
    "2": {
      "historical_first_ack": 0.85,
      "episode_cluster_ci95": [
        0.85,
        0.85
      ],
      "member_count": 20
    },
    "3": {
      "historical_first_ack": 0.8666666666666667,
      "episode_cluster_ci95": [
        0.8666666666666667,
        0.8666666666666667
      ],
      "member_count": 30
    },
    "4": {
      "historical_first_ack": 0.875,
      "episode_cluster_ci95": [
        0.875,
        0.875
      ],
      "member_count": 40
    }
  }
}
Reproduction and diagnostics saved to results/calibration_smoke
