==========================================================================
replay_batch EQUIVALENCE GATE
==========================================================================
  run     : /home/MYH/ML_DRL_Scheduler/PaperMain/artifacts/base
  weights : best.pt@409   device cuda
  world   : K=32 R=8 L=4 queue=8 cqi=nr4bit order=rbg_major
  collected 48 slots in 16.9s
  decisions/slot: mean 30.60 min 28 max 32

  forward, per slot (max |diff| over all slots):
    log_prob_sum     max |diff| = 1.526e-05   OK
    entropy_sum      max |diff| = 1.144e-05   OK
    value            max |diff| = 3.052e-05   OK
    n_decisions      mismatches = 0   OK
    vs decode lp     max |diff| = 0.000e+00   (sequential replay vs the decode that produced the actions)

  gradients (random per-slot weights, one backward per head):
    log_prob_sum     loss seq    -620.7096 vs bat    -620.7095   worst rel grad 2.681e-06 in 'encoder.net.4.weight'   OK
    entropy_sum      loss seq    +579.6052 vs bat    +579.6053   worst rel grad 1.269e-06 in 'no_user_head.net.0.weight'   OK
    value            loss seq   +4898.4194 vs bat   +4898.4194   worst rel grad 4.914e-07 in 'encoder.net.0.weight'   OK
    WORST OVERALL = 2.681e-06  (log_prob_sum / encoder.net.4.weight)   OK

  timing on 48 slots: sequential 2.70s   batched 0.01s   speedup 442.8x
    (indicative: one forward pass, no backward, small batch)

==========================================================================
RESULT: PASS
==========================================================================
