Traceback (most recent call last):
  File "/home/MYH/ML_DRL_Scheduler/PaperMain/tests/test_replay_batch.py", line 202, in <module>
    main()
  File "/home/MYH/ML_DRL_Scheduler/PaperMain/tests/test_replay_batch.py", line 95, in main
    cfg, ac, dev, src = load()
                        ^^^^^^
  File "/home/MYH/ML_DRL_Scheduler/PaperMain/tests/test_replay_batch.py", line 64, in load
    return cfg, ac.to(dev), dev, src
                ^^^^^^^^^^
  File "/home/MYH/.local/lib/python3.11/site-packages/torch/nn/modules/module.py", line 1355, in to
    return self._apply(convert)
           ^^^^^^^^^^^^^^^^^^^^
  File "/home/MYH/.local/lib/python3.11/site-packages/torch/nn/modules/module.py", line 915, in _apply
    module._apply(fn)
  File "/home/MYH/.local/lib/python3.11/site-packages/torch/nn/modules/module.py", line 915, in _apply
    module._apply(fn)
  File "/home/MYH/.local/lib/python3.11/site-packages/torch/nn/modules/module.py", line 915, in _apply
    module._apply(fn)
  File "/home/MYH/.local/lib/python3.11/site-packages/torch/nn/modules/module.py", line 942, in _apply
    param_applied = fn(param)
                    ^^^^^^^^^
  File "/home/MYH/.local/lib/python3.11/site-packages/torch/nn/modules/module.py", line 1341, in convert
    return t.to(
           ^^^^^
RuntimeError: CUDA error: CUDA-capable device(s) is/are busy or unavailable
CUDA kernel errors might be asynchronously reported at some other API call, so the stacktrace below might be incorrect.
For debugging consider passing CUDA_LAUNCH_BLOCKING=1
Compile with `TORCH_USE_CUDA_DSA` to enable device-side assertions.

